/home/user/anaconda3/envs/pytorchsenv/lib/python3.13/site-packages/torch/cuda/__init__.py:65: FutureWarning: The pynvml package is deprecated. Please install nvidia-ml-py instead. If you did not install pynvml directly, please report this to the maintainers of the package that installed pynvml for you.
  import pynvml  # type: ignore[import]
self.n_h =  [7, 32, 32, 32, 2]
{
  "same_noise_production_comparisons": [
    {
      "population": 64,
      "max_parameter_error": 2.9802322387695312e-08
    },
    {
      "population": 256,
      "max_parameter_error": 2.9802322387695312e-08
    },
    {
      "population": 1024,
      "max_parameter_error": 2.9802322387695312e-08
    },
    {
      "population": 4096,
      "max_parameter_error": 2.9802322387695312e-08
    }
  ],
  "rng_resume_bitwise_equal": true,
  "fixture_architecture": [
    7,
    32,
    32,
    32,
    2
  ],
  "timings": [
    {
      "population": 64,
      "seconds_per_update": 0.0016045192023739219
    },
    {
      "population": 256,
      "seconds_per_update": 0.0023911132011562586
    },
    {
      "population": 1024,
      "seconds_per_update": 0.006700736994389445
    },
    {
      "population": 4096,
      "seconds_per_update": 0.0235305464011617
    }
  ]
}
