/home/user/anaconda3/envs/pytorchsenv/lib/python3.13/site-packages/torch/cuda/__init__.py:65: FutureWarning: The pynvml package is deprecated. Please install nvidia-ml-py instead. If you did not install pynvml directly, please report this to the maintainers of the package that installed pynvml for you.
  import pynvml  # type: ignore[import]
normaliseDataset:  dataset.num_rows =  4 , len(dataset.features) =  5
{
  "production_normalisation_bitwise_equal": true,
  "training_constant_and_heldout_extrema_verified": true,
  "training_category_codes_and_unknown_minus_one_verified": true,
  "normalisation_statistics": {
    "a": [
      "minmax",
      2.0,
      0.249999999375
    ],
    "constant": [
      "minmax",
      3.0,
      0.0
    ],
    "category": [
      "minmax",
      -1.0,
      0.4999999975
    ],
    "small": [
      "minmax",
      9.999999717180685e-10,
      83333332.95514973
    ]
  },
  "source_sha256": "77176845c67e2cf7bb540d623db4386c89cdad6db2ffca053f17aca0dbef9b2c"
}
